// Jest Snapshot v1, https://goo.gl/fbAQLP

exports[`<Item/> renders and matches the snapshot 1`] = `
<ItemStyles__Item>
  <img
    alt="A basic item"
    src="item.jpg"
  />
  <Title>
    <Link
      href={
        Object {
          "pathname": "/item",
          "query": Object {
            "id": "ABC123",
          },
        }
      }
    >
      <a>
        A basic item
      </a>
    </Link>
  </Title>
  <PriceTag>
    $99.98
  </PriceTag>
  <p>
    An item to test with
  </p>
  <div
    className="buttonList"
  >
    <Link
      href={
        Object {
          "pathname": "/update",
          "query": Object {
            "id": "ABC123",
          },
        }
      }
    >
      <a>
        Edit
      </a>
    </Link>
    <AddToCart
      id="ABC123"
    />
    <DeletItem
      id="ABC123"
    >
      Delete This Item
    </DeletItem>
  </div>
</ItemStyles__Item>
`;
